Warning: You are sending unauthenticated requests to the HF Hub. Please set a HF_TOKEN to enable higher rate limits and faster downloads.
[beomi/KoAlpaca-v1.1a] 21155개 예제
[nlpai-lab/kullm-v2] 152630개 예제
train 167505 / val 1691 예제
베이스 모델: checkpoints/base_1b/latest.pt (step 23999)
총 5234 steps (2 epochs)
SFT 전 val loss (베이스 모델): 1.3236
epoch 0 step 0/5234 | loss 1.4906 | lr 4.00e-07 | 4s
epoch 0 step 10/5234 | loss 1.2727 | lr 4.40e-06 | 42s
epoch 0 step 20/5234 | loss 1.5199 | lr 8.40e-06 | 80s
epoch 0 step 30/5234 | loss 1.4222 | lr 1.24e-05 | 117s
epoch 0 step 40/5234 | loss 1.3426 | lr 1.64e-05 | 154s
epoch 0 step 50/5234 | loss 1.3774 | lr 2.00e-05 | 191s
epoch 0 step 60/5234 | loss 1.4917 | lr 2.00e-05 | 228s
epoch 0 step 70/5234 | loss 1.4014 | lr 2.00e-05 | 267s
epoch 0 step 80/5234 | loss 1.3963 | lr 2.00e-05 | 302s
epoch 0 step 90/5234 | loss 1.3001 | lr 2.00e-05 | 338s
epoch 0 step 100/5234 | loss 1.1353 | lr 2.00e-05 | 377s
epoch 0 step 110/5234 | loss 1.2348 | lr 2.00e-05 | 416s
epoch 0 step 120/5234 | loss 1.2655 | lr 2.00e-05 | 454s
epoch 0 step 130/5234 | loss 1.2983 | lr 2.00e-05 | 491s
epoch 0 step 140/5234 | loss 1.4559 | lr 2.00e-05 | 527s
epoch 0 step 150/5234 | loss 1.1640 | lr 2.00e-05 | 566s
epoch 0 step 160/5234 | loss 1.6264 | lr 2.00e-05 | 603s
epoch 0 step 170/5234 | loss 1.1478 | lr 2.00e-05 | 641s
epoch 0 step 180/5234 | loss 1.2831 | lr 2.00e-05 | 677s
epoch 0 step 190/5234 | loss 1.2552 | lr 2.00e-05 | 714s
epoch 0 step 200/5234 | loss 1.2153 | lr 2.00e-05 | 751s
epoch 0 step 210/5234 | loss 1.3619 | lr 2.00e-05 | 789s
epoch 0 step 220/5234 | loss 1.1514 | lr 2.00e-05 | 827s
epoch 0 step 230/5234 | loss 1.3165 | lr 1.99e-05 | 863s
epoch 0 step 240/5234 | loss 1.4349 | lr 1.99e-05 | 899s
epoch 0 step 250/5234 | loss 1.3350 | lr 1.99e-05 | 938s
epoch 0 step 260/5234 | loss 1.2466 | lr 1.99e-05 | 974s
epoch 0 step 270/5234 | loss 1.2352 | lr 1.99e-05 | 1013s
epoch 0 step 280/5234 | loss 1.4651 | lr 1.99e-05 | 1050s
epoch 0 step 290/5234 | loss 1.0860 | lr 1.99e-05 | 1089s
epoch 0 step 300/5234 | loss 1.1740 | lr 1.99e-05 | 1126s
epoch 0 step 310/5234 | loss 1.1800 | lr 1.99e-05 | 1163s
epoch 0 step 320/5234 | loss 1.2593 | lr 1.99e-05 | 1201s
epoch 0 step 330/5234 | loss 1.4346 | lr 1.99e-05 | 1239s
epoch 0 step 340/5234 | loss 1.4329 | lr 1.99e-05 | 1276s
epoch 0 step 350/5234 | loss 1.5082 | lr 1.99e-05 | 1311s
epoch 0 step 360/5234 | loss 1.3021 | lr 1.98e-05 | 1347s
epoch 0 step 370/5234 | loss 1.2249 | lr 1.98e-05 | 1384s
epoch 0 step 380/5234 | loss 1.4428 | lr 1.98e-05 | 1420s
epoch 0 step 390/5234 | loss 1.3190 | lr 1.98e-05 | 1457s
epoch 0 step 400/5234 | loss 1.1777 | lr 1.98e-05 | 1494s
epoch 0 step 410/5234 | loss 1.1934 | lr 1.98e-05 | 1533s
epoch 0 step 420/5234 | loss 1.2199 | lr 1.98e-05 | 1570s
epoch 0 step 430/5234 | loss 1.3803 | lr 1.98e-05 | 1606s
epoch 0 step 440/5234 | loss 1.4328 | lr 1.97e-05 | 1644s
epoch 0 step 450/5234 | loss 1.1275 | lr 1.97e-05 | 1680s
epoch 0 step 460/5234 | loss 1.2979 | lr 1.97e-05 | 1719s
epoch 0 step 470/5234 | loss 1.3472 | lr 1.97e-05 | 1757s
epoch 0 step 480/5234 | loss 1.3736 | lr 1.97e-05 | 1794s
epoch 0 step 490/5234 | loss 1.3835 | lr 1.97e-05 | 1832s
epoch 0 step 500/5234 | loss 1.3919 | lr 1.97e-05 | 1870s
체크포인트 저장: checkpoints/sft_1b/latest.pt (step 500)
epoch 0 step 510/5234 | loss 1.4817 | lr 1.97e-05 | 1909s
epoch 0 step 520/5234 | loss 1.3695 | lr 1.96e-05 | 1951s
epoch 0 step 530/5234 | loss 1.5128 | lr 1.96e-05 | 1987s
epoch 0 step 540/5234 | loss 1.2663 | lr 1.96e-05 | 2027s
epoch 0 step 550/5234 | loss 1.1704 | lr 1.96e-05 | 2063s
epoch 0 step 560/5234 | loss 1.2217 | lr 1.96e-05 | 2101s
epoch 0 step 570/5234 | loss 1.5359 | lr 1.96e-05 | 2137s
epoch 0 step 580/5234 | loss 1.2564 | lr 1.95e-05 | 2174s
epoch 0 step 590/5234 | loss 1.3060 | lr 1.95e-05 | 2212s
epoch 0 step 600/5234 | loss 1.2690 | lr 1.95e-05 | 2248s
epoch 0 step 610/5234 | loss 1.4700 | lr 1.95e-05 | 2285s
epoch 0 step 620/5234 | loss 1.2082 | lr 1.95e-05 | 2321s
epoch 0 step 630/5234 | loss 1.1240 | lr 1.94e-05 | 2359s
epoch 0 step 640/5234 | loss 1.2337 | lr 1.94e-05 | 2396s
epoch 0 step 650/5234 | loss 1.2824 | lr 1.94e-05 | 2433s
epoch 0 step 660/5234 | loss 1.3071 | lr 1.94e-05 | 2469s
epoch 0 step 670/5234 | loss 1.2897 | lr 1.94e-05 | 2504s
epoch 0 step 680/5234 | loss 1.4292 | lr 1.94e-05 | 2542s
epoch 0 step 690/5234 | loss 1.4439 | lr 1.93e-05 | 2579s
epoch 0 step 700/5234 | loss 1.3963 | lr 1.93e-05 | 2615s
epoch 0 step 710/5234 | loss 1.3992 | lr 1.93e-05 | 2654s
epoch 0 step 720/5234 | loss 1.4022 | lr 1.93e-05 | 2691s
epoch 0 step 730/5234 | loss 1.3720 | lr 1.92e-05 | 2730s
epoch 0 step 740/5234 | loss 1.3777 | lr 1.92e-05 | 2769s
epoch 0 step 750/5234 | loss 1.3716 | lr 1.92e-05 | 2806s
epoch 0 step 760/5234 | loss 1.3571 | lr 1.92e-05 | 2842s
epoch 0 step 770/5234 | loss 1.3624 | lr 1.92e-05 | 2879s
epoch 0 step 780/5234 | loss 1.4899 | lr 1.91e-05 | 2914s
epoch 0 step 790/5234 | loss 1.4470 | lr 1.91e-05 | 2948s
epoch 0 step 800/5234 | loss 1.1205 | lr 1.91e-05 | 2986s
epoch 0 step 810/5234 | loss 1.4555 | lr 1.91e-05 | 3022s
epoch 0 step 820/5234 | loss 1.4437 | lr 1.90e-05 | 3058s
epoch 0 step 830/5234 | loss 1.3399 | lr 1.90e-05 | 3094s
epoch 0 step 840/5234 | loss 1.3705 | lr 1.90e-05 | 3134s
epoch 0 step 850/5234 | loss 1.1090 | lr 1.90e-05 | 3172s
epoch 0 step 860/5234 | loss 1.3648 | lr 1.89e-05 | 3206s
epoch 0 step 870/5234 | loss 1.4019 | lr 1.89e-05 | 3245s
epoch 0 step 880/5234 | loss 1.3233 | lr 1.89e-05 | 3283s
epoch 0 step 890/5234 | loss 1.3462 | lr 1.89e-05 | 3318s
epoch 0 step 900/5234 | loss 1.2170 | lr 1.88e-05 | 3356s
epoch 0 step 910/5234 | loss 1.3614 | lr 1.88e-05 | 3391s
epoch 0 step 920/5234 | loss 1.2805 | lr 1.88e-05 | 3429s
epoch 0 step 930/5234 | loss 1.3253 | lr 1.88e-05 | 3470s
epoch 0 step 940/5234 | loss 1.4929 | lr 1.87e-05 | 3508s
epoch 0 step 950/5234 | loss 1.3007 | lr 1.87e-05 | 3546s
epoch 0 step 960/5234 | loss 1.3236 | lr 1.87e-05 | 3585s
epoch 0 step 970/5234 | loss 1.6830 | lr 1.86e-05 | 3621s
epoch 0 step 980/5234 | loss 1.4322 | lr 1.86e-05 | 3655s
epoch 0 step 990/5234 | loss 1.2254 | lr 1.86e-05 | 3692s
epoch 0 step 1000/5234 | loss 1.4744 | lr 1.85e-05 | 3729s
체크포인트 저장: checkpoints/sft_1b/latest.pt (step 1000)
epoch 0 step 1010/5234 | loss 1.2058 | lr 1.85e-05 | 3768s
epoch 0 step 1020/5234 | loss 1.3198 | lr 1.85e-05 | 3805s
epoch 0 step 1030/5234 | loss 1.1418 | lr 1.85e-05 | 3842s
epoch 0 step 1040/5234 | loss 1.3253 | lr 1.84e-05 | 3879s
epoch 0 step 1050/5234 | loss 1.4929 | lr 1.84e-05 | 3915s
epoch 0 step 1060/5234 | loss 1.3742 | lr 1.84e-05 | 3953s
epoch 0 step 1070/5234 | loss 1.3522 | lr 1.83e-05 | 3990s
epoch 0 step 1080/5234 | loss 1.3998 | lr 1.83e-05 | 4026s
epoch 0 step 1090/5234 | loss 1.1917 | lr 1.83e-05 | 4062s
epoch 0 step 1100/5234 | loss 1.0462 | lr 1.82e-05 | 4100s
epoch 0 step 1110/5234 | loss 1.3166 | lr 1.82e-05 | 4137s
epoch 0 step 1120/5234 | loss 1.4611 | lr 1.82e-05 | 4172s
epoch 0 step 1130/5234 | loss 1.4368 | lr 1.81e-05 | 4207s
epoch 0 step 1140/5234 | loss 1.5328 | lr 1.81e-05 | 4246s
epoch 0 step 1150/5234 | loss 1.4766 | lr 1.81e-05 | 4284s
epoch 0 step 1160/5234 | loss 1.2219 | lr 1.80e-05 | 4322s
epoch 0 step 1170/5234 | loss 1.3787 | lr 1.80e-05 | 4359s
epoch 0 step 1180/5234 | loss 1.4433 | lr 1.80e-05 | 4395s
epoch 0 step 1190/5234 | loss 1.3745 | lr 1.79e-05 | 4432s
epoch 0 step 1200/5234 | loss 1.4128 | lr 1.79e-05 | 4470s
epoch 0 step 1210/5234 | loss 1.3393 | lr 1.79e-05 | 4507s
epoch 0 step 1220/5234 | loss 1.4071 | lr 1.78e-05 | 4543s
epoch 0 step 1230/5234 | loss 1.0576 | lr 1.78e-05 | 4583s
epoch 0 step 1240/5234 | loss 1.2949 | lr 1.78e-05 | 4620s
epoch 0 step 1250/5234 | loss 1.1919 | lr 1.77e-05 | 4658s
epoch 0 step 1260/5234 | loss 1.4472 | lr 1.77e-05 | 4694s
epoch 0 step 1270/5234 | loss 1.4774 | lr 1.77e-05 | 4729s
epoch 0 step 1280/5234 | loss 1.0460 | lr 1.76e-05 | 4766s
epoch 0 step 1290/5234 | loss 1.2930 | lr 1.76e-05 | 4803s
epoch 0 step 1300/5234 | loss 1.2711 | lr 1.75e-05 | 4842s
epoch 0 step 1310/5234 | loss 1.2955 | lr 1.75e-05 | 4880s
epoch 0 step 1320/5234 | loss 1.0365 | lr 1.75e-05 | 4916s
epoch 0 step 1330/5234 | loss 1.4174 | lr 1.74e-05 | 4952s
epoch 0 step 1340/5234 | loss 1.4035 | lr 1.74e-05 | 4988s
epoch 0 step 1350/5234 | loss 1.4413 | lr 1.73e-05 | 5026s
epoch 0 step 1360/5234 | loss 1.2265 | lr 1.73e-05 | 5064s
epoch 0 step 1370/5234 | loss 1.3756 | lr 1.73e-05 | 5103s
epoch 0 step 1380/5234 | loss 1.0998 | lr 1.72e-05 | 5140s
epoch 0 step 1390/5234 | loss 1.2656 | lr 1.72e-05 | 5176s
epoch 0 step 1400/5234 | loss 1.3944 | lr 1.72e-05 | 5214s
epoch 0 step 1410/5234 | loss 1.3181 | lr 1.71e-05 | 5252s
epoch 0 step 1420/5234 | loss 1.3633 | lr 1.71e-05 | 5287s
epoch 0 step 1430/5234 | loss 1.1295 | lr 1.70e-05 | 5325s
epoch 0 step 1440/5234 | loss 1.4279 | lr 1.70e-05 | 5364s
epoch 0 step 1450/5234 | loss 1.2868 | lr 1.70e-05 | 5402s
epoch 0 step 1460/5234 | loss 1.4122 | lr 1.69e-05 | 5440s
epoch 0 step 1470/5234 | loss 1.3305 | lr 1.69e-05 | 5476s
epoch 0 step 1480/5234 | loss 1.3393 | lr 1.68e-05 | 5512s
epoch 0 step 1490/5234 | loss 1.3568 | lr 1.68e-05 | 5549s
epoch 0 step 1500/5234 | loss 1.3413 | lr 1.67e-05 | 5585s
체크포인트 저장: checkpoints/sft_1b/latest.pt (step 1500)
epoch 0 step 1510/5234 | loss 1.4081 | lr 1.67e-05 | 5624s
epoch 0 step 1520/5234 | loss 1.4926 | lr 1.67e-05 | 5659s
epoch 0 step 1530/5234 | loss 1.3033 | lr 1.66e-05 | 5698s
epoch 0 step 1540/5234 | loss 1.5183 | lr 1.66e-05 | 5735s
epoch 0 step 1550/5234 | loss 1.5199 | lr 1.65e-05 | 5772s
epoch 0 step 1560/5234 | loss 1.4335 | lr 1.65e-05 | 5809s
epoch 0 step 1570/5234 | loss 1.5126 | lr 1.64e-05 | 5848s
epoch 0 step 1580/5234 | loss 1.4574 | lr 1.64e-05 | 5883s
epoch 0 step 1590/5234 | loss 1.2693 | lr 1.64e-05 | 5921s
epoch 0 step 1600/5234 | loss 1.3621 | lr 1.63e-05 | 5959s
epoch 0 step 1610/5234 | loss 1.2706 | lr 1.63e-05 | 5996s
epoch 0 step 1620/5234 | loss 1.2832 | lr 1.62e-05 | 6033s
epoch 0 step 1630/5234 | loss 1.4124 | lr 1.62e-05 | 6071s
epoch 0 step 1640/5234 | loss 1.1263 | lr 1.61e-05 | 6110s
epoch 0 step 1650/5234 | loss 1.3574 | lr 1.61e-05 | 6148s
epoch 0 step 1660/5234 | loss 1.4933 | lr 1.60e-05 | 6184s
epoch 0 step 1670/5234 | loss 1.2129 | lr 1.60e-05 | 6222s
epoch 0 step 1680/5234 | loss 1.3375 | lr 1.60e-05 | 6261s
epoch 0 step 1690/5234 | loss 1.4198 | lr 1.59e-05 | 6299s
epoch 0 step 1700/5234 | loss 1.4863 | lr 1.59e-05 | 6336s
epoch 0 step 1710/5234 | loss 1.4421 | lr 1.58e-05 | 6374s
epoch 0 step 1720/5234 | loss 1.3071 | lr 1.58e-05 | 6408s
epoch 0 step 1730/5234 | loss 1.2355 | lr 1.57e-05 | 6445s
epoch 0 step 1740/5234 | loss 1.4443 | lr 1.57e-05 | 6482s
epoch 0 step 1750/5234 | loss 1.2243 | lr 1.56e-05 | 6520s
epoch 0 step 1760/5234 | loss 1.3447 | lr 1.56e-05 | 6558s
epoch 0 step 1770/5234 | loss 1.2793 | lr 1.55e-05 | 6594s
epoch 0 step 1780/5234 | loss 1.3571 | lr 1.55e-05 | 6631s
epoch 0 step 1790/5234 | loss 1.3992 | lr 1.54e-05 | 6666s
epoch 0 step 1800/5234 | loss 1.2578 | lr 1.54e-05 | 6703s
epoch 0 step 1810/5234 | loss 1.3062 | lr 1.53e-05 | 6740s
epoch 0 step 1820/5234 | loss 1.3708 | lr 1.53e-05 | 6776s
epoch 0 step 1830/5234 | loss 1.0474 | lr 1.53e-05 | 6813s
epoch 0 step 1840/5234 | loss 1.2435 | lr 1.52e-05 | 6850s
epoch 0 step 1850/5234 | loss 1.4148 | lr 1.52e-05 | 6886s
epoch 0 step 1860/5234 | loss 1.2937 | lr 1.51e-05 | 6922s
epoch 0 step 1870/5234 | loss 1.2129 | lr 1.51e-05 | 6960s
epoch 0 step 1880/5234 | loss 1.5022 | lr 1.50e-05 | 6997s
epoch 0 step 1890/5234 | loss 1.4253 | lr 1.50e-05 | 7035s
epoch 0 step 1900/5234 | loss 1.4269 | lr 1.49e-05 | 7072s
epoch 0 step 1910/5234 | loss 1.3012 | lr 1.49e-05 | 7110s
epoch 0 step 1920/5234 | loss 1.4923 | lr 1.48e-05 | 7144s
epoch 0 step 1930/5234 | loss 1.2172 | lr 1.48e-05 | 7180s
epoch 0 step 1940/5234 | loss 1.2338 | lr 1.47e-05 | 7218s
epoch 0 step 1950/5234 | loss 1.2793 | lr 1.47e-05 | 7257s
epoch 0 step 1960/5234 | loss 1.2978 | lr 1.46e-05 | 7293s
epoch 0 step 1970/5234 | loss 1.2405 | lr 1.46e-05 | 7331s
epoch 0 step 1980/5234 | loss 1.3762 | lr 1.45e-05 | 7369s
epoch 0 step 1990/5234 | loss 1.2989 | lr 1.45e-05 | 7406s
epoch 0 step 2000/5234 | loss 1.4631 | lr 1.44e-05 | 7441s
체크포인트 저장: checkpoints/sft_1b/latest.pt (step 2000)
epoch 0 step 2010/5234 | loss 1.4440 | lr 1.44e-05 | 7478s
epoch 0 step 2020/5234 | loss 1.5805 | lr 1.43e-05 | 7515s
epoch 0 step 2030/5234 | loss 1.5049 | lr 1.43e-05 | 7552s
epoch 0 step 2040/5234 | loss 1.2703 | lr 1.42e-05 | 7589s
epoch 0 step 2050/5234 | loss 1.2444 | lr 1.42e-05 | 7627s
epoch 0 step 2060/5234 | loss 1.3342 | lr 1.41e-05 | 7664s
epoch 0 step 2070/5234 | loss 1.4748 | lr 1.41e-05 | 7703s
epoch 0 step 2080/5234 | loss 1.2376 | lr 1.40e-05 | 7739s
epoch 0 step 2090/5234 | loss 1.3283 | lr 1.40e-05 | 7776s
epoch 0 step 2100/5234 | loss 1.5085 | lr 1.39e-05 | 7813s
epoch 0 step 2110/5234 | loss 1.2144 | lr 1.39e-05 | 7851s
epoch 0 step 2120/5234 | loss 1.4113 | lr 1.38e-05 | 7889s
epoch 0 step 2130/5234 | loss 1.4632 | lr 1.37e-05 | 7928s
epoch 0 step 2140/5234 | loss 1.5096 | lr 1.37e-05 | 7966s
epoch 0 step 2150/5234 | loss 1.3091 | lr 1.36e-05 | 8003s
epoch 0 step 2160/5234 | loss 1.1017 | lr 1.36e-05 | 8043s
epoch 0 step 2170/5234 | loss 1.3464 | lr 1.35e-05 | 8078s
epoch 0 step 2180/5234 | loss 1.3990 | lr 1.35e-05 | 8116s
epoch 0 step 2190/5234 | loss 1.2521 | lr 1.34e-05 | 8155s
epoch 0 step 2200/5234 | loss 1.2556 | lr 1.34e-05 | 8190s
epoch 0 step 2210/5234 | loss 1.4112 | lr 1.33e-05 | 8227s
epoch 0 step 2220/5234 | loss 1.3275 | lr 1.33e-05 | 8264s
epoch 0 step 2230/5234 | loss 1.5027 | lr 1.32e-05 | 8302s
epoch 0 step 2240/5234 | loss 1.5797 | lr 1.32e-05 | 8336s
epoch 0 step 2250/5234 | loss 0.9402 | lr 1.31e-05 | 8373s
epoch 0 step 2260/5234 | loss 1.2614 | lr 1.31e-05 | 8411s
epoch 0 step 2270/5234 | loss 1.3685 | lr 1.30e-05 | 8448s
epoch 0 step 2280/5234 | loss 1.4389 | lr 1.30e-05 | 8484s
epoch 0 step 2290/5234 | loss 1.1959 | lr 1.29e-05 | 8522s
epoch 0 step 2300/5234 | loss 1.4202 | lr 1.29e-05 | 8558s
epoch 0 step 2310/5234 | loss 1.2414 | lr 1.28e-05 | 8596s
epoch 0 step 2320/5234 | loss 1.2121 | lr 1.27e-05 | 8632s
epoch 0 step 2330/5234 | loss 1.6276 | lr 1.27e-05 | 8668s
epoch 0 step 2340/5234 | loss 1.2595 | lr 1.26e-05 | 8705s
epoch 0 step 2350/5234 | loss 1.3404 | lr 1.26e-05 | 8742s
epoch 0 step 2360/5234 | loss 1.2631 | lr 1.25e-05 | 8778s
epoch 0 step 2370/5234 | loss 1.3822 | lr 1.25e-05 | 8814s
epoch 0 step 2380/5234 | loss 1.4141 | lr 1.24e-05 | 8854s
epoch 0 step 2390/5234 | loss 1.3312 | lr 1.24e-05 | 8891s
epoch 0 step 2400/5234 | loss 1.3613 | lr 1.23e-05 | 8927s
epoch 0 step 2410/5234 | loss 1.2656 | lr 1.23e-05 | 8964s
epoch 0 step 2420/5234 | loss 1.4405 | lr 1.22e-05 | 9000s
epoch 0 step 2430/5234 | loss 1.3931 | lr 1.22e-05 | 9039s
epoch 0 step 2440/5234 | loss 1.3090 | lr 1.21e-05 | 9078s
epoch 0 step 2450/5234 | loss 1.1459 | lr 1.20e-05 | 9115s
epoch 0 step 2460/5234 | loss 1.4111 | lr 1.20e-05 | 9153s
epoch 0 step 2470/5234 | loss 1.2854 | lr 1.19e-05 | 9193s
epoch 0 step 2480/5234 | loss 1.3571 | lr 1.19e-05 | 9232s
epoch 0 step 2490/5234 | loss 1.2514 | lr 1.18e-05 | 9269s
epoch 0 step 2500/5234 | loss 1.0792 | lr 1.18e-05 | 9306s
체크포인트 저장: checkpoints/sft_1b/latest.pt (step 2500)
epoch 0 step 2510/5234 | loss 1.3984 | lr 1.17e-05 | 9346s
epoch 0 step 2520/5234 | loss 1.2366 | lr 1.17e-05 | 9385s
epoch 0 step 2530/5234 | loss 1.4006 | lr 1.16e-05 | 9421s
epoch 0 step 2540/5234 | loss 1.3146 | lr 1.16e-05 | 9459s
epoch 0 step 2550/5234 | loss 1.3017 | lr 1.15e-05 | 9497s
epoch 0 step 2560/5234 | loss 1.3218 | lr 1.14e-05 | 9531s
epoch 0 step 2570/5234 | loss 1.2979 | lr 1.14e-05 | 9569s
epoch 0 step 2580/5234 | loss 1.2839 | lr 1.13e-05 | 9606s
epoch 0 step 2590/5234 | loss 1.2354 | lr 1.13e-05 | 9644s
epoch 0 step 2600/5234 | loss 1.3029 | lr 1.12e-05 | 9682s
epoch 0 step 2610/5234 | loss 1.2983 | lr 1.12e-05 | 9720s
=== epoch 0 종료 | val loss 1.3149 ===
epoch 1 step 2620/5234 | loss 1.3617 | lr 1.11e-05 | 9788s
epoch 1 step 2630/5234 | loss 1.1781 | lr 1.11e-05 | 9827s
epoch 1 step 2640/5234 | loss 1.0656 | lr 1.10e-05 | 9865s
epoch 1 step 2650/5234 | loss 1.0227 | lr 1.10e-05 | 9901s
epoch 1 step 2660/5234 | loss 0.8905 | lr 1.09e-05 | 9938s
epoch 1 step 2670/5234 | loss 0.9938 | lr 1.08e-05 | 9975s
epoch 1 step 2680/5234 | loss 0.9838 | lr 1.08e-05 | 10011s
epoch 1 step 2690/5234 | loss 0.9534 | lr 1.07e-05 | 10050s
epoch 1 step 2700/5234 | loss 1.0264 | lr 1.07e-05 | 10085s
epoch 1 step 2710/5234 | loss 0.9628 | lr 1.06e-05 | 10123s
epoch 1 step 2720/5234 | loss 1.0199 | lr 1.06e-05 | 10161s
epoch 1 step 2730/5234 | loss 0.9727 | lr 1.05e-05 | 10199s
epoch 1 step 2740/5234 | loss 0.9847 | lr 1.05e-05 | 10236s
epoch 1 step 2750/5234 | loss 0.8293 | lr 1.04e-05 | 10276s
epoch 1 step 2760/5234 | loss 0.8828 | lr 1.04e-05 | 10311s
epoch 1 step 2770/5234 | loss 0.9996 | lr 1.03e-05 | 10350s
epoch 1 step 2780/5234 | loss 0.9647 | lr 1.02e-05 | 10386s
epoch 1 step 2790/5234 | loss 0.9517 | lr 1.02e-05 | 10423s
epoch 1 step 2800/5234 | loss 0.9719 | lr 1.01e-05 | 10460s
epoch 1 step 2810/5234 | loss 0.9228 | lr 1.01e-05 | 10495s
epoch 1 step 2820/5234 | loss 0.8991 | lr 1.00e-05 | 10535s
epoch 1 step 2830/5234 | loss 0.9457 | lr 9.98e-06 | 10571s
epoch 1 step 2840/5234 | loss 1.0502 | lr 9.92e-06 | 10609s
epoch 1 step 2850/5234 | loss 0.9994 | lr 9.87e-06 | 10645s
epoch 1 step 2860/5234 | loss 0.7921 | lr 9.81e-06 | 10683s
epoch 1 step 2870/5234 | loss 1.0043 | lr 9.76e-06 | 10721s
epoch 1 step 2880/5234 | loss 0.7830 | lr 9.71e-06 | 10757s
epoch 1 step 2890/5234 | loss 0.9764 | lr 9.65e-06 | 10795s
epoch 1 step 2900/5234 | loss 1.0122 | lr 9.60e-06 | 10833s
epoch 1 step 2910/5234 | loss 0.8788 | lr 9.54e-06 | 10872s
epoch 1 step 2920/5234 | loss 0.9497 | lr 9.49e-06 | 10907s
epoch 1 step 2930/5234 | loss 0.8746 | lr 9.44e-06 | 10945s
epoch 1 step 2940/5234 | loss 0.9804 | lr 9.38e-06 | 10983s
epoch 1 step 2950/5234 | loss 0.9481 | lr 9.33e-06 | 11021s
epoch 1 step 2960/5234 | loss 1.1292 | lr 9.28e-06 | 11058s
epoch 1 step 2970/5234 | loss 0.9293 | lr 9.22e-06 | 11093s
epoch 1 step 2980/5234 | loss 0.8893 | lr 9.17e-06 | 11129s
epoch 1 step 2990/5234 | loss 0.8731 | lr 9.12e-06 | 11166s
epoch 1 step 3000/5234 | loss 0.9281 | lr 9.06e-06 | 11202s
체크포인트 저장: checkpoints/sft_1b/latest.pt (step 3000)
epoch 1 step 3010/5234 | loss 0.8843 | lr 9.01e-06 | 11241s
epoch 1 step 3020/5234 | loss 0.8599 | lr 8.96e-06 | 11278s
epoch 1 step 3030/5234 | loss 0.8966 | lr 8.90e-06 | 11317s
epoch 1 step 3040/5234 | loss 0.8221 | lr 8.85e-06 | 11355s
epoch 1 step 3050/5234 | loss 0.9520 | lr 8.80e-06 | 11391s
epoch 1 step 3060/5234 | loss 0.9954 | lr 8.74e-06 | 11427s
epoch 1 step 3070/5234 | loss 1.1045 | lr 8.69e-06 | 11465s
epoch 1 step 3080/5234 | loss 0.9413 | lr 8.64e-06 | 11503s
epoch 1 step 3090/5234 | loss 0.7744 | lr 8.59e-06 | 11541s
epoch 1 step 3100/5234 | loss 0.9165 | lr 8.53e-06 | 11578s
epoch 1 step 3110/5234 | loss 0.9979 | lr 8.48e-06 | 11617s
epoch 1 step 3120/5234 | loss 1.0201 | lr 8.43e-06 | 11654s
epoch 1 step 3130/5234 | loss 1.2067 | lr 8.38e-06 | 11693s
epoch 1 step 3140/5234 | loss 0.9977 | lr 8.32e-06 | 11732s
epoch 1 step 3150/5234 | loss 0.9686 | lr 8.27e-06 | 11769s
epoch 1 step 3160/5234 | loss 1.0110 | lr 8.22e-06 | 11807s
epoch 1 step 3170/5234 | loss 0.9684 | lr 8.17e-06 | 11844s
epoch 1 step 3180/5234 | loss 0.9241 | lr 8.12e-06 | 11882s
epoch 1 step 3190/5234 | loss 1.1375 | lr 8.07e-06 | 11918s
epoch 1 step 3200/5234 | loss 1.0323 | lr 8.01e-06 | 11954s
epoch 1 step 3210/5234 | loss 1.2197 | lr 7.96e-06 | 11991s
epoch 1 step 3220/5234 | loss 0.9292 | lr 7.91e-06 | 12030s
epoch 1 step 3230/5234 | loss 0.9197 | lr 7.86e-06 | 12066s
epoch 1 step 3240/5234 | loss 0.9724 | lr 7.81e-06 | 12102s
epoch 1 step 3250/5234 | loss 1.1625 | lr 7.76e-06 | 12139s
epoch 1 step 3260/5234 | loss 0.8691 | lr 7.71e-06 | 12178s
epoch 1 step 3270/5234 | loss 1.0317 | lr 7.66e-06 | 12213s
epoch 1 step 3280/5234 | loss 0.9564 | lr 7.61e-06 | 12249s
epoch 1 step 3290/5234 | loss 1.0047 | lr 7.56e-06 | 12285s
epoch 1 step 3300/5234 | loss 0.8298 | lr 7.51e-06 | 12322s
epoch 1 step 3310/5234 | loss 0.9533 | lr 7.46e-06 | 12359s
epoch 1 step 3320/5234 | loss 0.8591 | lr 7.41e-06 | 12394s
epoch 1 step 3330/5234 | loss 0.9086 | lr 7.36e-06 | 12433s
epoch 1 step 3340/5234 | loss 0.8500 | lr 7.31e-06 | 12471s
epoch 1 step 3350/5234 | loss 0.9945 | lr 7.26e-06 | 12510s
epoch 1 step 3360/5234 | loss 0.8364 | lr 7.21e-06 | 12547s
epoch 1 step 3370/5234 | loss 0.9735 | lr 7.16e-06 | 12582s
epoch 1 step 3380/5234 | loss 1.2294 | lr 7.11e-06 | 12620s
epoch 1 step 3390/5234 | loss 1.0567 | lr 7.06e-06 | 12656s
epoch 1 step 3400/5234 | loss 0.9828 | lr 7.01e-06 | 12690s
epoch 1 step 3410/5234 | loss 0.9843 | lr 6.96e-06 | 12726s
epoch 1 step 3420/5234 | loss 0.9065 | lr 6.91e-06 | 12763s
epoch 1 step 3430/5234 | loss 0.9283 | lr 6.86e-06 | 12799s
epoch 1 step 3440/5234 | loss 1.0671 | lr 6.82e-06 | 12835s
epoch 1 step 3450/5234 | loss 0.8112 | lr 6.77e-06 | 12872s
epoch 1 step 3460/5234 | loss 1.0282 | lr 6.72e-06 | 12911s
epoch 1 step 3470/5234 | loss 0.9170 | lr 6.67e-06 | 12948s
epoch 1 step 3480/5234 | loss 0.9996 | lr 6.62e-06 | 12984s
epoch 1 step 3490/5234 | loss 0.7368 | lr 6.58e-06 | 13021s
epoch 1 step 3500/5234 | loss 1.0524 | lr 6.53e-06 | 13058s
체크포인트 저장: checkpoints/sft_1b/latest.pt (step 3500)
epoch 1 step 3510/5234 | loss 0.8374 | lr 6.48e-06 | 13098s
epoch 1 step 3520/5234 | loss 0.7876 | lr 6.43e-06 | 13134s
epoch 1 step 3530/5234 | loss 0.8419 | lr 6.39e-06 | 13170s
epoch 1 step 3540/5234 | loss 1.0273 | lr 6.34e-06 | 13209s
epoch 1 step 3550/5234 | loss 0.9379 | lr 6.29e-06 | 13250s
epoch 1 step 3560/5234 | loss 1.0401 | lr 6.25e-06 | 13288s
epoch 1 step 3570/5234 | loss 1.0299 | lr 6.20e-06 | 13325s
epoch 1 step 3580/5234 | loss 0.9511 | lr 6.16e-06 | 13362s
epoch 1 step 3590/5234 | loss 0.9748 | lr 6.11e-06 | 13398s
epoch 1 step 3600/5234 | loss 1.0486 | lr 6.06e-06 | 13435s
epoch 1 step 3610/5234 | loss 0.9546 | lr 6.02e-06 | 13470s
epoch 1 step 3620/5234 | loss 0.9896 | lr 5.97e-06 | 13507s
epoch 1 step 3630/5234 | loss 1.0124 | lr 5.93e-06 | 13544s
epoch 1 step 3640/5234 | loss 0.8390 | lr 5.88e-06 | 13580s
epoch 1 step 3650/5234 | loss 0.8868 | lr 5.84e-06 | 13617s
epoch 1 step 3660/5234 | loss 0.8478 | lr 5.79e-06 | 13655s
epoch 1 step 3670/5234 | loss 1.1492 | lr 5.75e-06 | 13690s
epoch 1 step 3680/5234 | loss 1.0086 | lr 5.70e-06 | 13728s
epoch 1 step 3690/5234 | loss 0.9731 | lr 5.66e-06 | 13765s
epoch 1 step 3700/5234 | loss 0.9205 | lr 5.62e-06 | 13801s
epoch 1 step 3710/5234 | loss 0.9791 | lr 5.57e-06 | 13838s
epoch 1 step 3720/5234 | loss 0.9368 | lr 5.53e-06 | 13873s
epoch 1 step 3730/5234 | loss 0.9467 | lr 5.49e-06 | 13911s
epoch 1 step 3740/5234 | loss 1.0455 | lr 5.44e-06 | 13946s
epoch 1 step 3750/5234 | loss 1.1412 | lr 5.40e-06 | 13983s
epoch 1 step 3760/5234 | loss 1.0289 | lr 5.36e-06 | 14021s
epoch 1 step 3770/5234 | loss 0.9488 | lr 5.32e-06 | 14059s
epoch 1 step 3780/5234 | loss 0.8359 | lr 5.27e-06 | 14096s
epoch 1 step 3790/5234 | loss 1.1136 | lr 5.23e-06 | 14132s
epoch 1 step 3800/5234 | loss 0.9183 | lr 5.19e-06 | 14170s
epoch 1 step 3810/5234 | loss 1.0166 | lr 5.15e-06 | 14207s
epoch 1 step 3820/5234 | loss 1.0623 | lr 5.11e-06 | 14244s
epoch 1 step 3830/5234 | loss 0.8471 | lr 5.07e-06 | 14281s
epoch 1 step 3840/5234 | loss 0.9132 | lr 5.02e-06 | 14319s
epoch 1 step 3850/5234 | loss 0.9422 | lr 4.98e-06 | 14356s
epoch 1 step 3860/5234 | loss 0.9754 | lr 4.94e-06 | 14394s
epoch 1 step 3870/5234 | loss 1.0608 | lr 4.90e-06 | 14432s
epoch 1 step 3880/5234 | loss 0.9695 | lr 4.86e-06 | 14467s
epoch 1 step 3890/5234 | loss 0.9115 | lr 4.82e-06 | 14502s
epoch 1 step 3900/5234 | loss 0.8881 | lr 4.78e-06 | 14541s
epoch 1 step 3910/5234 | loss 0.9888 | lr 4.74e-06 | 14577s
epoch 1 step 3920/5234 | loss 0.8450 | lr 4.71e-06 | 14616s
epoch 1 step 3930/5234 | loss 1.0034 | lr 4.67e-06 | 14653s
epoch 1 step 3940/5234 | loss 1.0452 | lr 4.63e-06 | 14690s
epoch 1 step 3950/5234 | loss 0.8414 | lr 4.59e-06 | 14726s
epoch 1 step 3960/5234 | loss 0.9873 | lr 4.55e-06 | 14763s
epoch 1 step 3970/5234 | loss 0.9397 | lr 4.51e-06 | 14800s
epoch 1 step 3980/5234 | loss 0.8755 | lr 4.48e-06 | 14838s
epoch 1 step 3990/5234 | loss 0.9649 | lr 4.44e-06 | 14878s
epoch 1 step 4000/5234 | loss 1.0170 | lr 4.40e-06 | 14914s
체크포인트 저장: checkpoints/sft_1b/latest.pt (step 4000)
epoch 1 step 4010/5234 | loss 1.0082 | lr 4.36e-06 | 14953s
epoch 1 step 4020/5234 | loss 1.0322 | lr 4.33e-06 | 14991s
epoch 1 step 4030/5234 | loss 0.9358 | lr 4.29e-06 | 15028s
epoch 1 step 4040/5234 | loss 0.9743 | lr 4.26e-06 | 15064s
epoch 1 step 4050/5234 | loss 0.7971 | lr 4.22e-06 | 15102s
epoch 1 step 4060/5234 | loss 1.0230 | lr 4.18e-06 | 15141s
epoch 1 step 4070/5234 | loss 1.0226 | lr 4.15e-06 | 15179s
epoch 1 step 4080/5234 | loss 0.9547 | lr 4.11e-06 | 15217s
epoch 1 step 4090/5234 | loss 0.8958 | lr 4.08e-06 | 15254s
epoch 1 step 4100/5234 | loss 1.0002 | lr 4.04e-06 | 15288s
epoch 1 step 4110/5234 | loss 1.0349 | lr 4.01e-06 | 15326s
epoch 1 step 4120/5234 | loss 1.0497 | lr 3.97e-06 | 15361s
epoch 1 step 4130/5234 | loss 1.1679 | lr 3.94e-06 | 15398s
epoch 1 step 4140/5234 | loss 0.7978 | lr 3.91e-06 | 15434s
epoch 1 step 4150/5234 | loss 1.0012 | lr 3.87e-06 | 15472s
epoch 1 step 4160/5234 | loss 0.9526 | lr 3.84e-06 | 15510s
epoch 1 step 4170/5234 | loss 1.0452 | lr 3.81e-06 | 15547s
epoch 1 step 4180/5234 | loss 0.7789 | lr 3.77e-06 | 15585s
epoch 1 step 4190/5234 | loss 0.9943 | lr 3.74e-06 | 15622s
epoch 1 step 4200/5234 | loss 0.8604 | lr 3.71e-06 | 15658s
epoch 1 step 4210/5234 | loss 1.0694 | lr 3.68e-06 | 15695s
epoch 1 step 4220/5234 | loss 0.8555 | lr 3.65e-06 | 15733s
epoch 1 step 4230/5234 | loss 0.9555 | lr 3.62e-06 | 15770s
epoch 1 step 4240/5234 | loss 0.9045 | lr 3.58e-06 | 15808s
epoch 1 step 4250/5234 | loss 0.9091 | lr 3.55e-06 | 15846s
epoch 1 step 4260/5234 | loss 0.8781 | lr 3.52e-06 | 15885s
epoch 1 step 4270/5234 | loss 0.8840 | lr 3.49e-06 | 15923s
epoch 1 step 4280/5234 | loss 1.0043 | lr 3.46e-06 | 15959s
epoch 1 step 4290/5234 | loss 1.0939 | lr 3.43e-06 | 15997s
epoch 1 step 4300/5234 | loss 0.9049 | lr 3.40e-06 | 16035s
epoch 1 step 4310/5234 | loss 1.0866 | lr 3.37e-06 | 16073s
epoch 1 step 4320/5234 | loss 1.0675 | lr 3.35e-06 | 16110s
epoch 1 step 4330/5234 | loss 1.2738 | lr 3.32e-06 | 16146s
epoch 1 step 4340/5234 | loss 1.2023 | lr 3.29e-06 | 16181s
epoch 1 step 4350/5234 | loss 0.9281 | lr 3.26e-06 | 16218s
epoch 1 step 4360/5234 | loss 1.1702 | lr 3.23e-06 | 16255s
epoch 1 step 4370/5234 | loss 0.9513 | lr 3.21e-06 | 16294s
epoch 1 step 4380/5234 | loss 1.0780 | lr 3.18e-06 | 16331s
epoch 1 step 4390/5234 | loss 1.1414 | lr 3.15e-06 | 16368s
epoch 1 step 4400/5234 | loss 0.9246 | lr 3.13e-06 | 16405s
epoch 1 step 4410/5234 | loss 1.0305 | lr 3.10e-06 | 16439s
epoch 1 step 4420/5234 | loss 1.0521 | lr 3.07e-06 | 16477s
epoch 1 step 4430/5234 | loss 1.0648 | lr 3.05e-06 | 16514s
epoch 1 step 4440/5234 | loss 0.9721 | lr 3.02e-06 | 16550s
epoch 1 step 4450/5234 | loss 0.8937 | lr 3.00e-06 | 16587s
epoch 1 step 4460/5234 | loss 1.0134 | lr 2.97e-06 | 16624s
epoch 1 step 4470/5234 | loss 1.0606 | lr 2.95e-06 | 16660s
epoch 1 step 4480/5234 | loss 1.1164 | lr 2.92e-06 | 16698s
epoch 1 step 4490/5234 | loss 0.7958 | lr 2.90e-06 | 16736s
epoch 1 step 4500/5234 | loss 0.7714 | lr 2.88e-06 | 16772s
체크포인트 저장: checkpoints/sft_1b/latest.pt (step 4500)
epoch 1 step 4510/5234 | loss 0.8841 | lr 2.85e-06 | 16812s
epoch 1 step 4520/5234 | loss 0.8153 | lr 2.83e-06 | 16851s
epoch 1 step 4530/5234 | loss 1.0848 | lr 2.81e-06 | 16887s
epoch 1 step 4540/5234 | loss 0.8804 | lr 2.78e-06 | 16921s
epoch 1 step 4550/5234 | loss 0.8165 | lr 2.76e-06 | 16959s
epoch 1 step 4560/5234 | loss 1.0577 | lr 2.74e-06 | 16998s
epoch 1 step 4570/5234 | loss 0.9489 | lr 2.72e-06 | 17036s
epoch 1 step 4580/5234 | loss 0.9713 | lr 2.70e-06 | 17071s
epoch 1 step 4590/5234 | loss 1.0517 | lr 2.68e-06 | 17109s
epoch 1 step 4600/5234 | loss 1.0459 | lr 2.66e-06 | 17148s
epoch 1 step 4610/5234 | loss 1.1218 | lr 2.64e-06 | 17185s
epoch 1 step 4620/5234 | loss 0.8930 | lr 2.62e-06 | 17219s
epoch 1 step 4630/5234 | loss 1.0231 | lr 2.60e-06 | 17255s
epoch 1 step 4640/5234 | loss 1.0214 | lr 2.58e-06 | 17292s
epoch 1 step 4650/5234 | loss 1.1219 | lr 2.56e-06 | 17330s
epoch 1 step 4660/5234 | loss 0.9894 | lr 2.54e-06 | 17366s
epoch 1 step 4670/5234 | loss 0.9432 | lr 2.52e-06 | 17405s
epoch 1 step 4680/5234 | loss 0.9891 | lr 2.50e-06 | 17442s
epoch 1 step 4690/5234 | loss 1.0678 | lr 2.48e-06 | 17479s
epoch 1 step 4700/5234 | loss 0.9210 | lr 2.47e-06 | 17517s
epoch 1 step 4710/5234 | loss 1.1592 | lr 2.45e-06 | 17554s
epoch 1 step 4720/5234 | loss 0.8580 | lr 2.43e-06 | 17591s
epoch 1 step 4730/5234 | loss 0.8358 | lr 2.42e-06 | 17630s
epoch 1 step 4740/5234 | loss 1.1584 | lr 2.40e-06 | 17667s
epoch 1 step 4750/5234 | loss 1.0200 | lr 2.38e-06 | 17706s
epoch 1 step 4760/5234 | loss 0.9616 | lr 2.37e-06 | 17743s
epoch 1 step 4770/5234 | loss 0.9904 | lr 2.35e-06 | 17782s
epoch 1 step 4780/5234 | loss 1.0866 | lr 2.34e-06 | 17821s
epoch 1 step 4790/5234 | loss 0.9204 | lr 2.32e-06 | 17857s
epoch 1 step 4800/5234 | loss 0.9937 | lr 2.31e-06 | 17896s
epoch 1 step 4810/5234 | loss 0.9482 | lr 2.30e-06 | 17933s
epoch 1 step 4820/5234 | loss 1.0871 | lr 2.28e-06 | 17969s
epoch 1 step 4830/5234 | loss 1.0726 | lr 2.27e-06 | 18007s
epoch 1 step 4840/5234 | loss 0.9037 | lr 2.26e-06 | 18044s
epoch 1 step 4850/5234 | loss 1.0269 | lr 2.24e-06 | 18081s
epoch 1 step 4860/5234 | loss 1.0591 | lr 2.23e-06 | 18116s
epoch 1 step 4870/5234 | loss 1.1687 | lr 2.22e-06 | 18152s
epoch 1 step 4880/5234 | loss 1.1011 | lr 2.21e-06 | 18190s
epoch 1 step 4890/5234 | loss 0.9277 | lr 2.19e-06 | 18228s
epoch 1 step 4900/5234 | loss 0.9813 | lr 2.18e-06 | 18265s
epoch 1 step 4910/5234 | loss 1.0332 | lr 2.17e-06 | 18301s
epoch 1 step 4920/5234 | loss 1.0376 | lr 2.16e-06 | 18339s
epoch 1 step 4930/5234 | loss 1.1565 | lr 2.15e-06 | 18375s
epoch 1 step 4940/5234 | loss 0.9868 | lr 2.14e-06 | 18412s
epoch 1 step 4950/5234 | loss 1.0642 | lr 2.13e-06 | 18448s
epoch 1 step 4960/5234 | loss 0.8766 | lr 2.12e-06 | 18485s
epoch 1 step 4970/5234 | loss 0.9915 | lr 2.11e-06 | 18522s
epoch 1 step 4980/5234 | loss 0.9311 | lr 2.11e-06 | 18559s
epoch 1 step 4990/5234 | loss 1.2374 | lr 2.10e-06 | 18595s
epoch 1 step 5000/5234 | loss 1.0635 | lr 2.09e-06 | 18635s
체크포인트 저장: checkpoints/sft_1b/latest.pt (step 5000)
epoch 1 step 5010/5234 | loss 1.0923 | lr 2.08e-06 | 18674s
epoch 1 step 5020/5234 | loss 1.1481 | lr 2.08e-06 | 18712s
epoch 1 step 5030/5234 | loss 1.1564 | lr 2.07e-06 | 18748s
epoch 1 step 5040/5234 | loss 1.1846 | lr 2.06e-06 | 18785s
epoch 1 step 5050/5234 | loss 1.1210 | lr 2.06e-06 | 18824s
epoch 1 step 5060/5234 | loss 1.1988 | lr 2.05e-06 | 18864s
epoch 1 step 5070/5234 | loss 0.9477 | lr 2.04e-06 | 18900s
epoch 1 step 5080/5234 | loss 0.9350 | lr 2.04e-06 | 18938s
epoch 1 step 5090/5234 | loss 1.1977 | lr 2.03e-06 | 18979s
epoch 1 step 5100/5234 | loss 1.0160 | lr 2.03e-06 | 19018s
epoch 1 step 5110/5234 | loss 1.0314 | lr 2.03e-06 | 19055s
epoch 1 step 5120/5234 | loss 1.0711 | lr 2.02e-06 | 19091s
epoch 1 step 5130/5234 | loss 0.9513 | lr 2.02e-06 | 19130s
epoch 1 step 5140/5234 | loss 1.0982 | lr 2.01e-06 | 19169s
epoch 1 step 5150/5234 | loss 1.1029 | lr 2.01e-06 | 19204s
epoch 1 step 5160/5234 | loss 1.1448 | lr 2.01e-06 | 19244s
epoch 1 step 5170/5234 | loss 1.0995 | lr 2.01e-06 | 19280s
epoch 1 step 5180/5234 | loss 1.2380 | lr 2.00e-06 | 19315s
epoch 1 step 5190/5234 | loss 1.0253 | lr 2.00e-06 | 19354s
epoch 1 step 5200/5234 | loss 1.0192 | lr 2.00e-06 | 19391s
epoch 1 step 5210/5234 | loss 1.1408 | lr 2.00e-06 | 19429s
epoch 1 step 5220/5234 | loss 1.0188 | lr 2.00e-06 | 19466s
epoch 1 step 5230/5234 | loss 1.2776 | lr 2.00e-06 | 19505s
체크포인트 저장: checkpoints/sft_1b/latest.pt (step 5233)
=== epoch 1 종료 | val loss 1.3297 ===
SFT 완료 — python sample.py --ckpt checkpoints/sft_1b/latest.pt --chat
